__,__,__,__,__,__,__,__,__,__,__,__,__,__,__,__,__,__,__,__,
##,##,##,##,__,__,__,__,__,__,__,__,__,__,__,__,__,__,__,__,
##,##,##,##,__,__,__,__,__,__,__,__,__,__,__,__,__,__,__,__,
__,__,##,__,__,__,__,__,__,__,__,__,__,__,__,__,__,__,__,__,
__,__,##,__,__,__,__,__,__,__,__,__,__,__,__,__,__,__,__,__,
ss,ss,##,__,__,__,__,__,__,ss,ss,ss,ss,__,__,__,__,__,ss,ss,
__,__,##,__,__,__,__,__,__,__,__,__,__,__,__,__,__,__,__,__,
__,__,##,__,__,__,__,__,__,__,__,__,__,__,__,__,__,__,__,__,
__,__,##,__,__,__,__,__,__,__,__,__,__,__,__,__,__,__,__,__,
__,__,##,__,__,##,##,##,__,##,__,__,__,##,__,__,##,##,##,__,
__,__,##,__,##,__,__,##,__,##,__,__,__,##,__,##,__,__,##,__,
__,__,##,__,##,__,__,##,__,__,##,__,##,__,__,##,__,__,##,__,
__,__,##,__,##,__,__,##,__,__,##,__,##,__,__,##,__,__,##,__,
__,__,##,__,##,__,__,##,__,__,##,__,##,__,__,##,__,__,##,__,
##,__,##,__,##,__,__,##,__,__,__,##,__,__,__,##,__,__,##,__,
__,##,__,__,__,##,##,__,##,__,__,##,__,__,__,__,##,##,__,##,
__,__,__,__,__,__,__,__,__,__,__,__,__,__,__,__,__,__,__,__,
__,__,__,__,__,__,__,__,__,__,__,__,__,__,__,__,__,__,__,__,
__,__,__,__,__,__,__,__,__,__,__,__,__,__,__,__,__,__,__,__,
__,__,__,__,__,__,__,__,__,__,__,__,__,__,__,__,__,__,__,__
